  main.cpp
sfml-window-s-d.lib(VideoMode.obj) : warning LNK4099: "sfml-window-s.pdb" PDB не найден с "sfml-window-s-d.lib(VideoMode.obj)" или на "D:\Учеба\C++\2 сем\MiniHomeWork3\MagicButton\x64\Debug\sfml-window-s.pdb"; компоновка объекта выполняется как при отсутствии отладочных данных
sfml-window-s-d.lib(WindowBase.obj) : warning LNK4099: "sfml-window-s.pdb" PDB не найден с "sfml-window-s-d.lib(WindowBase.obj)" или на "D:\Учеба\C++\2 сем\MiniHomeWork3\MagicButton\x64\Debug\sfml-window-s.pdb"; компоновка объекта выполняется как при отсутствии отладочных данных
sfml-window-s-d.lib(Window.obj) : warning LNK4099: "sfml-window-s.pdb" PDB не найден с "sfml-window-s-d.lib(Window.obj)" или на "D:\Учеба\C++\2 сем\MiniHomeWork3\MagicButton\x64\Debug\sfml-window-s.pdb"; компоновка объекта выполняется как при отсутствии отладочных данных
sfml-window-s-d.lib(VideoModeImpl.obj) : warning LNK4099: "sfml-window-s.pdb" PDB не найден с "sfml-window-s-d.lib(VideoModeImpl.obj)" или на "D:\Учеба\C++\2 сем\MiniHomeWork3\MagicButton\x64\Debug\sfml-window-s.pdb"; компоновка объекта выполняется как при отсутствии отладочных данных
sfml-window-s-d.lib(Cursor.obj) : warning LNK4099: "sfml-window-s.pdb" PDB не найден с "sfml-window-s-d.lib(Cursor.obj)" или на "D:\Учеба\C++\2 сем\MiniHomeWork3\MagicButton\x64\Debug\sfml-window-s.pdb"; компоновка объекта выполняется как при отсутствии отладочных данных
sfml-window-s-d.lib(WindowImpl.obj) : warning LNK4099: "sfml-window-s.pdb" PDB не найден с "sfml-window-s-d.lib(WindowImpl.obj)" или на "D:\Учеба\C++\2 сем\MiniHomeWork3\MagicButton\x64\Debug\sfml-window-s.pdb"; компоновка объекта выполняется как при отсутствии отладочных данных
sfml-window-s-d.lib(GlResource.obj) : warning LNK4099: "sfml-window-s.pdb" PDB не найден с "sfml-window-s-d.lib(GlResource.obj)" или на "D:\Учеба\C++\2 сем\MiniHomeWork3\MagicButton\x64\Debug\sfml-window-s.pdb"; компоновка объекта выполняется как при отсутствии отладочных данных
sfml-window-s-d.lib(GlContext.obj) : warning LNK4099: "sfml-window-s.pdb" PDB не найден с "sfml-window-s-d.lib(GlContext.obj)" или на "D:\Учеба\C++\2 сем\MiniHomeWork3\MagicButton\x64\Debug\sfml-window-s.pdb"; компоновка объекта выполняется как при отсутствии отладочных данных
sfml-window-s-d.lib(CursorImpl.obj) : warning LNK4099: "sfml-window-s.pdb" PDB не найден с "sfml-window-s-d.lib(CursorImpl.obj)" или на "D:\Учеба\C++\2 сем\MiniHomeWork3\MagicButton\x64\Debug\sfml-window-s.pdb"; компоновка объекта выполняется как при отсутствии отладочных данных
sfml-window-s-d.lib(JoystickManager.obj) : warning LNK4099: "sfml-window-s.pdb" PDB не найден с "sfml-window-s-d.lib(JoystickManager.obj)" или на "D:\Учеба\C++\2 сем\MiniHomeWork3\MagicButton\x64\Debug\sfml-window-s.pdb"; компоновка объекта выполняется как при отсутствии отладочных данных
sfml-window-s-d.lib(SensorManager.obj) : warning LNK4099: "sfml-window-s.pdb" PDB не найден с "sfml-window-s-d.lib(SensorManager.obj)" или на "D:\Учеба\C++\2 сем\MiniHomeWork3\MagicButton\x64\Debug\sfml-window-s.pdb"; компоновка объекта выполняется как при отсутствии отладочных данных
sfml-window-s-d.lib(WindowImplWin32.obj) : warning LNK4099: "sfml-window-s.pdb" PDB не найден с "sfml-window-s-d.lib(WindowImplWin32.obj)" или на "D:\Учеба\C++\2 сем\MiniHomeWork3\MagicButton\x64\Debug\sfml-window-s.pdb"; компоновка объекта выполняется как при отсутствии отладочных данных
sfml-window-s-d.lib(VulkanImplWin32.obj) : warning LNK4099: "sfml-window-s.pdb" PDB не найден с "sfml-window-s-d.lib(VulkanImplWin32.obj)" или на "D:\Учеба\C++\2 сем\MiniHomeWork3\MagicButton\x64\Debug\sfml-window-s.pdb"; компоновка объекта выполняется как при отсутствии отладочных данных
sfml-window-s-d.lib(Context.obj) : warning LNK4099: "sfml-window-s.pdb" PDB не найден с "sfml-window-s-d.lib(Context.obj)" или на "D:\Учеба\C++\2 сем\MiniHomeWork3\MagicButton\x64\Debug\sfml-window-s.pdb"; компоновка объекта выполняется как при отсутствии отладочных данных
sfml-window-s-d.lib(WglContext.obj) : warning LNK4099: "sfml-window-s.pdb" PDB не найден с "sfml-window-s-d.lib(WglContext.obj)" или на "D:\Учеба\C++\2 сем\MiniHomeWork3\MagicButton\x64\Debug\sfml-window-s.pdb"; компоновка объекта выполняется как при отсутствии отладочных данных
sfml-window-s-d.lib(Joystick.obj) : warning LNK4099: "sfml-window-s.pdb" PDB не найден с "sfml-window-s-d.lib(Joystick.obj)" или на "D:\Учеба\C++\2 сем\MiniHomeWork3\MagicButton\x64\Debug\sfml-window-s.pdb"; компоновка объекта выполняется как при отсутствии отладочных данных
sfml-window-s-d.lib(JoystickImpl.obj) : warning LNK4099: "sfml-window-s.pdb" PDB не найден с "sfml-window-s-d.lib(JoystickImpl.obj)" или на "D:\Учеба\C++\2 сем\MiniHomeWork3\MagicButton\x64\Debug\sfml-window-s.pdb"; компоновка объекта выполняется как при отсутствии отладочных данных
sfml-window-s-d.lib(SensorImpl.obj) : warning LNK4099: "sfml-window-s.pdb" PDB не найден с "sfml-window-s-d.lib(SensorImpl.obj)" или на "D:\Учеба\C++\2 сем\MiniHomeWork3\MagicButton\x64\Debug\sfml-window-s.pdb"; компоновка объекта выполняется как при отсутствии отладочных данных
sfml-system-s-d.lib(String.obj) : warning LNK4099: "sfml-system-s.pdb" PDB не найден с "sfml-system-s-d.lib(String.obj)" или на "D:\Учеба\C++\2 сем\MiniHomeWork3\MagicButton\x64\Debug\sfml-system-s.pdb"; компоновка объекта выполняется как при отсутствии отладочных данных
sfml-system-s-d.lib(Err.obj) : warning LNK4099: "sfml-system-s.pdb" PDB не найден с "sfml-system-s-d.lib(Err.obj)" или на "D:\Учеба\C++\2 сем\MiniHomeWork3\MagicButton\x64\Debug\sfml-system-s.pdb"; компоновка объекта выполняется как при отсутствии отладочных данных
sfml-system-s-d.lib(Time.obj) : warning LNK4099: "sfml-system-s.pdb" PDB не найден с "sfml-system-s-d.lib(Time.obj)" или на "D:\Учеба\C++\2 сем\MiniHomeWork3\MagicButton\x64\Debug\sfml-system-s.pdb"; компоновка объекта выполняется как при отсутствии отладочных данных
sfml-system-s-d.lib(Clock.obj) : warning LNK4099: "sfml-system-s.pdb" PDB не найден с "sfml-system-s-d.lib(Clock.obj)" или на "D:\Учеба\C++\2 сем\MiniHomeWork3\MagicButton\x64\Debug\sfml-system-s.pdb"; компоновка объекта выполняется как при отсутствии отладочных данных
sfml-system-s-d.lib(Sleep.obj) : warning LNK4099: "sfml-system-s.pdb" PDB не найден с "sfml-system-s-d.lib(Sleep.obj)" или на "D:\Учеба\C++\2 сем\MiniHomeWork3\MagicButton\x64\Debug\sfml-system-s.pdb"; компоновка объекта выполняется как при отсутствии отладочных данных
sfml-system-s-d.lib(ThreadLocal.obj) : warning LNK4099: "sfml-system-s.pdb" PDB не найден с "sfml-system-s-d.lib(ThreadLocal.obj)" или на "D:\Учеба\C++\2 сем\MiniHomeWork3\MagicButton\x64\Debug\sfml-system-s.pdb"; компоновка объекта выполняется как при отсутствии отладочных данных
sfml-system-s-d.lib(Mutex.obj) : warning LNK4099: "sfml-system-s.pdb" PDB не найден с "sfml-system-s-d.lib(Mutex.obj)" или на "D:\Учеба\C++\2 сем\MiniHomeWork3\MagicButton\x64\Debug\sfml-system-s.pdb"; компоновка объекта выполняется как при отсутствии отладочных данных
sfml-system-s-d.lib(Lock.obj) : warning LNK4099: "sfml-system-s.pdb" PDB не найден с "sfml-system-s-d.lib(Lock.obj)" или на "D:\Учеба\C++\2 сем\MiniHomeWork3\MagicButton\x64\Debug\sfml-system-s.pdb"; компоновка объекта выполняется как при отсутствии отладочных данных
sfml-system-s-d.lib(ClockImpl.obj) : warning LNK4099: "sfml-system-s.pdb" PDB не найден с "sfml-system-s-d.lib(ClockImpl.obj)" или на "D:\Учеба\C++\2 сем\MiniHomeWork3\MagicButton\x64\Debug\sfml-system-s.pdb"; компоновка объекта выполняется как при отсутствии отладочных данных
sfml-system-s-d.lib(SleepImpl.obj) : warning LNK4099: "sfml-system-s.pdb" PDB не найден с "sfml-system-s-d.lib(SleepImpl.obj)" или на "D:\Учеба\C++\2 сем\MiniHomeWork3\MagicButton\x64\Debug\sfml-system-s.pdb"; компоновка объекта выполняется как при отсутствии отладочных данных
sfml-system-s-d.lib(ThreadLocalImpl.obj) : warning LNK4099: "sfml-system-s.pdb" PDB не найден с "sfml-system-s-d.lib(ThreadLocalImpl.obj)" или на "D:\Учеба\C++\2 сем\MiniHomeWork3\MagicButton\x64\Debug\sfml-system-s.pdb"; компоновка объекта выполняется как при отсутствии отладочных данных
sfml-system-s-d.lib(MutexImpl.obj) : warning LNK4099: "sfml-system-s.pdb" PDB не найден с "sfml-system-s-d.lib(MutexImpl.obj)" или на "D:\Учеба\C++\2 сем\MiniHomeWork3\MagicButton\x64\Debug\sfml-system-s.pdb"; компоновка объекта выполняется как при отсутствии отладочных данных
main.obj : error LNK2019: ссылка на неразрешенный внешний символ "public: void __cdecl sf::RenderTarget::clear(class sf::Color const &)" (?clear@RenderTarget@sf@@QEAAXAEBVColor@2@@Z) в функции main.
main.obj : error LNK2019: ссылка на неразрешенный внешний символ "public: __cdecl sf::RenderWindow::RenderWindow(class sf::VideoMode,class sf::String const &,unsigned int,struct sf::ContextSettings const &)" (??0RenderWindow@sf@@QEAA@VVideoMode@1@AEBVString@1@IAEBUContextSettings@1@@Z) в функции main.
main.obj : error LNK2019: ссылка на неразрешенный внешний символ "public: virtual __cdecl sf::RenderWindow::~RenderWindow(void)" (??1RenderWindow@sf@@UEAA@XZ) в функции main.
main.obj : error LNK2001: неразрешенный внешний символ "public: static class sf::Color const sf::Color::Black" (?Black@Color@sf@@2V12@B).
D:\Учеба\C++\2 сем\MiniHomeWork3\MagicButton\x64\Debug\MagicButton.exe : fatal error LNK1120: неразрешенных внешних элементов: 4
